torch: 2.11.0+rocm10.0.0
cuda/HIP device available: True
device name: AMD Instinct MI300A
physicsnemo: 2.1.1
pyvista: 0.49.0
hydra-core: 1.3.7 | omegaconf: 2.3.1
Using device: cuda:0
Results: /repo/results/first_run
[T+  17.0s] cell 3: importing bq_torch_patch...
Warp CUDA warning: Could not find or load the NVIDIA CUDA driver. GPU execution will not be available.
[bq_torch_patch] radius_search backend forced -> 'torch'
[bq_torch_patch] torch.cdist patched globally -> _safe_cdist (see module docstring)
[T+  37.2s] cell 3: done
[T+  37.2s] cell 5: reading mesh...
n_points (mesh nodes): 13882
n_cells: 13703

101 displacement timesteps, e.g.: ['displacement_t0.000', 'displacement_t0.005', 'displacement_t0.010'] ... displacement_t0.500
101 plastic-strain timesteps, 101 stress timesteps (per-cell)
[T+  38.0s] cell 5: done
[T+  38.0s] cell 6: plotting mesh (matplotlib)...
[T+  39.8s] cell 6: done
reader:
  _target_: vtp_reader.Reader
  _convert_: all
datapipe:
  _target_: datapipe.CrashPointCloudDataset
  _convert_: all
  data_dir: data/vtp_train
  global_features_filepath: data/global_features.json
  num_samples: 8
  num_steps: 51
  sample_type: all_time_steps
  static_features: []
  dynamic_features: []
  dynamic_targets:
  - effective_plastic_strain
  - stress_vm
  global_features:
  - velocity_x
  - crash_box_thick_scale
  - beam_thick_scale
  - rwall_origin_y
  stats_dir: /repo/results/first_run/toy_stats
model:
  _target_: rollout.GeoTransolverOneShot
  _convert_: all
  functional_dim: 3
  out_dim: 250
  geometry_dim: 3
  global_dim: 4
  slice_num: 128
  n_layers: 6
  use_te: false
  time_input: false
  include_local_features: true
  num_time_steps: 51
  attention_type: GALE_FA
training:
  raw_data_dir: data/vtp_train
  raw_data_dir_validation: data/vtp_holdout
  global_features_filepath: data/global_features.json
  max_workers_preprocessing: 8
  optimizer: muon
  optimizer_weight_decay: 0.0001
  num_time_steps: 51
  num_training_samples: 8
  num_validation_samples: 2
  start_lr: 0.0001
  end_lr: 3.0e-05
  epochs: 30
  validation_freq: 10
  save_checkpoint_freq: 30
  amp: true
  num_dataloader_workers: 2
  ckpt_path: checkpoint/toy_checkpoints
  tensorboard_log_dir: checkpoint/toy_tensorboard_logs
  displacement_loss_alpha: 2.0
  peak_loss_weight: 0.5
  peak_loss_top_k: 50
  peak_plastic_strain_loss_weight: 0.5
inference:
  output_dir_pred: ./predicted_vtps
  output_dir_exact: ./exact_vtps
  raw_data_dir_test: data/vtp_holdout
experiment_name: Bumper-GeoFLARE-2D-Thickness-Toy

[T+  39.8s] cell 9: instantiating reader + toy dataset...
Train dataset: 8 samples
SimSample(N=13882, keys=['coords', 'features'], Din=3, Dout=(50, 5), E=0, global_features=['velocity_x', 'crash_box_thick_scale', 'beam_thick_scale', 'rwall_origin_y'], target_series=['effective_plastic_strain', 'stress_vm'])

global_features (design variables + load case) for sample 0:
  velocity_x: -5.000
  crash_box_thick_scale: 1.000
  beam_thick_scale: 1.000
  rwall_origin_y: 0.000
[T+  50.0s] cell 9: done
[T+  50.0s] cell 12: instantiating model + optimizer...
/repo/src/rollout.py:23: ExperimentalFeatureWarning: You are importing from 'physicsnemo.experimental'. The APIs in this namespace are experimental, under active development, and may change without notice. Expect possible back-compatibility breaking changes and only partial test coverage.
  from physicsnemo.experimental.models.geotransolver import GeoTransolver
Model parameters: 6,777,968
FORCE_ADAM_MI300A set -- using Adam (Muon's Newton-Schulz bf16 GEMMs hit a known hipBLASLt/MI300A-228CU tuning gap, see ROCm/rocm-systems#4084)
[T+  52.6s] cell 12: done
[T+  52.6s] cell 13: starting toy training loop...
/workshop/venv_rocm10/lib/python3.12/site-packages/physicsnemo/core/function_spec.py:487: RuntimeWarning: RadiusSearch falling back to implementation 'torch' (rank 1); preferred is 'warp' (rank 0) but is unavailable.
  cls._warn_fallback(preferred, selected)
epoch   1/30  avg_loss=3.8518  elapsed=18.2s
epoch   2/30  avg_loss=1.7966  elapsed=19.9s
epoch   3/30  avg_loss=1.2328  elapsed=21.6s
epoch   4/30  avg_loss=0.7937  elapsed=23.3s
epoch   5/30  avg_loss=0.6218  elapsed=25.0s
epoch   6/30  avg_loss=0.4951  elapsed=26.7s
epoch   7/30  avg_loss=0.4035  elapsed=28.4s
epoch   8/30  avg_loss=0.3534  elapsed=30.1s
epoch   9/30  avg_loss=0.3174  elapsed=31.8s
epoch  10/30  avg_loss=0.2946  elapsed=33.5s
epoch  11/30  avg_loss=0.2765  elapsed=35.2s
epoch  12/30  avg_loss=0.2631  elapsed=36.9s
epoch  13/30  avg_loss=0.2510  elapsed=38.6s
epoch  14/30  avg_loss=0.2431  elapsed=40.3s
epoch  15/30  avg_loss=0.2352  elapsed=42.0s
epoch  16/30  avg_loss=0.2322  elapsed=43.7s
epoch  17/30  avg_loss=0.2294  elapsed=45.4s
epoch  18/30  avg_loss=0.2312  elapsed=47.1s
epoch  19/30  avg_loss=0.2386  elapsed=48.8s
epoch  20/30  avg_loss=0.2571  elapsed=50.5s
epoch  21/30  avg_loss=0.2753  elapsed=52.2s
epoch  22/30  avg_loss=0.2716  elapsed=53.9s
epoch  23/30  avg_loss=0.2351  elapsed=55.6s
epoch  24/30  avg_loss=0.2046  elapsed=57.3s
epoch  25/30  avg_loss=0.1901  elapsed=59.0s
epoch  26/30  avg_loss=0.1905  elapsed=60.7s
epoch  27/30  avg_loss=0.1847  elapsed=62.4s
epoch  28/30  avg_loss=0.1856  elapsed=64.1s
epoch  29/30  avg_loss=0.1792  elapsed=65.8s
epoch  30/30  avg_loss=0.1807  elapsed=67.5s

Done. This is a mechanics demo, not a converged surrogate -- see part 2 for the real result.
[T+ 120.1s] cell 13: done
[T+ 120.1s] cell 14: plotting loss curve...
[T+ 120.2s] cell 14: done
[T+ 120.2s] cell 16: instantiating real_model + loading checkpoint...

Part 2: real model size, inference speed, and error against two simulations
`DistributedManager` not initialized already. Initializing now, but this might lead to unexpected errors
Loaded real checkpoint at epoch 200
Model parameters: 6,777,968
Real model archive: 0.027182 GB (decimal, weights archive only)
Model parameters and buffers: 0.027112 GB (excludes runtime activations)
[T+ 122.9s] cell 16: done
[T+ 122.9s] cell 17: instantiating real test dataset...
Evaluation dataset: 2 held-out samples (run19, run201)
[T+ 133.8s] cell 17: done
[T+ 133.8s] cell 18: running inference on held-out runs...
run       peak_disp_pred  peak_disp_true  disp_rel%  strain_pred  strain_true  strain_rel%  stress_pred  stress_true  stress_rel%
run19              214.9           216.2       0.57       0.2462       0.2480         0.75       0.7277       0.6522        11.59
  run19: median inference 109.828 ms, 9.11 full trajectories/s (3 warmups, 10 timed forwards)
run201             259.0           258.3       0.26       0.2311       0.2471         6.49       0.7510       0.6673        12.55
  run201: median inference 109.522 ms, 9.13 full trajectories/s (3 warmups, 10 timed forwards)
[T+ 136.9s] cell 18: done
Saved artifacts to /repo/results/first_run
